// Jest Snapshot v1, https://goo.gl/fbAQLP

exports[`should display Dashboard with no items 1`] = `
<div>
  Dashboard Page Content
</div>
`;
